---
source: tests/e2e/cases/fee_payer.rs
expression: response_value
---
{
  "capabilities": {
    "assetDiffs": "[assetDiffs]",
    "authorizeKeys": [],
    "feePayerDigest": "[feePayerDigest]",
    "feeTotals": "[feeTotals]",
    "revokeKeys": []
  },
  "context": {
    "quote": {
      "feePayerQuote": {
        "additionalAuthorization": null,
        "authorizationAddress": "[authorizationAddress]",
        "chainId": "[chainId]",
        "ethPrice": "0xde0b6b3a7640000",
        "extraPayment": "[extraPayment]",
        "feeTokenDeficit": "0x0",
        "intent": {
          "combinedGas": "[combinedGas]",
          "encodedFundTransfers": [],
          "encodedPreCalls": [
            "[encodedPreCall]"
          ],
          "eoa": "[eoa]",
          "executionData": "[executionData]",
          "expiry": "0x0",
          "funder": "0x0000000000000000000000000000000000000000",
          "funderSignature": "0x",
          "isMultichain": false,
          "nonce": "[nonce]",
          "payer": "0x0000000000000000000000000000000000000000",
          "paymentAmount": "[paymentAmount]",
          "paymentMaxAmount": "[paymentMaxAmount]",
          "paymentRecipient": "0x0000000000000000000000000000000000000000",
          "paymentSignature": "0x",
          "paymentToken": "[paymentToken]",
          "settler": "0x0000000000000000000000000000000000000000",
          "settlerContext": "0x",
          "signature": "0x",
          "supportedAccountImplementation": "[supportedAccountImplementation]"
        },
        "nativeFeeEstimate": {
          "maxFeePerGas": "[maxFeePerGas]",
          "maxPriorityFeePerGas": "[maxPriorityFeePerGas]"
        },
        "orchestrator": "[orchestrator]",
        "paymentTokenDecimals": "[paymentTokenDecimals]",
        "txGas": "[txGas]"
      },
      "hash": "[hash]",
      "multiChainRoot": null,
      "quotes": [
        {
          "additionalAuthorization": null,
          "authorizationAddress": null,
          "chainId": "[chainId]",
          "ethPrice": "0xde0b6b3a7640000",
          "extraPayment": "[extraPayment]",
          "feeTokenDeficit": "0x0",
          "intent": {
            "combinedGas": "[combinedGas]",
            "encodedFundTransfers": [],
            "encodedPreCalls": [],
            "eoa": "0xa023ba34fe23ad51d00515a68657e232ab6a1297",
            "executionData": "[executionData]",
            "expiry": "0x0",
            "funder": "0x0000000000000000000000000000000000000000",
            "funderSignature": "0x",
            "isMultichain": false,
            "nonce": "[nonce]",
            "payer": "[payer]",
            "paymentAmount": "[paymentAmount]",
            "paymentMaxAmount": "[paymentMaxAmount]",
            "paymentRecipient": "0x0000000000000000000000000000000000000000",
            "paymentSignature": "0x",
            "paymentToken": "[paymentToken]",
            "settler": "0x0000000000000000000000000000000000000000",
            "settlerContext": "0x",
            "signature": "0x",
            "supportedAccountImplementation": "[supportedAccountImplementation]"
          },
          "nativeFeeEstimate": {
            "maxFeePerGas": "[maxFeePerGas]",
            "maxPriorityFeePerGas": "[maxPriorityFeePerGas]"
          },
          "orchestrator": "[orchestrator]",
          "paymentTokenDecimals": "[paymentTokenDecimals]",
          "txGas": "[txGas]"
        }
      ],
      "r": "[r]",
      "s": "[s]",
      "ttl": "[ttl]",
      "v": "[v]",
      "yParity": "[yParity]"
    }
  },
  "digest": "[digest]",
  "key": {
    "prehash": false,
    "publicKey": "[publicKey]",
    "type": "secp256k1"
  },
  "signature": "[signature]",
  "typedData": {
    "domain": {
      "chainId": "[chainId]",
      "name": "Orchestrator",
      "verifyingContract": "[verifyingContract]",
      "version": "0.5.5"
    },
    "message": {
      "calls": [
        {
          "data": "[data]",
          "to": "[to]",
          "value": "0x0"
        }
      ],
      "combinedGas": "[combinedGas]",
      "encodedFundTransfers": [],
      "encodedPreCalls": [],
      "eoa": "0xa023ba34fe23ad51d00515a68657e232ab6a1297",
      "expiry": "0x0",
      "multichain": false,
      "nonce": "[nonce]",
      "payer": "[payer]",
      "paymentMaxAmount": "[paymentMaxAmount]",
      "paymentToken": "[paymentToken]",
      "settler": "0x0000000000000000000000000000000000000000"
    },
    "primaryType": "Intent",
    "types": {
      "Call": [
        {
          "name": "to",
          "type": "address"
        },
        {
          "name": "value",
          "type": "uint256"
        },
        {
          "name": "data",
          "type": "bytes"
        }
      ],
      "EIP712Domain": [
        {
          "name": "name",
          "type": "string"
        },
        {
          "name": "version",
          "type": "string"
        },
        {
          "name": "chainId",
          "type": "uint256"
        },
        {
          "name": "verifyingContract",
          "type": "address"
        }
      ],
      "Intent": [
        {
          "name": "multichain",
          "type": "bool"
        },
        {
          "name": "eoa",
          "type": "address"
        },
        {
          "name": "calls",
          "type": "Call[]"
        },
        {
          "name": "nonce",
          "type": "uint256"
        },
        {
          "name": "payer",
          "type": "address"
        },
        {
          "name": "paymentToken",
          "type": "address"
        },
        {
          "name": "paymentMaxAmount",
          "type": "uint256"
        },
        {
          "name": "combinedGas",
          "type": "uint256"
        },
        {
          "name": "encodedPreCalls",
          "type": "bytes[]"
        },
        {
          "name": "encodedFundTransfers",
          "type": "bytes[]"
        },
        {
          "name": "settler",
          "type": "address"
        },
        {
          "name": "expiry",
          "type": "uint256"
        }
      ]
    }
  }
}
