---
source: tests/e2e/cases/rpc_snap.rs
expression: response
---
{
  "0x7a69": [
    {
      "address": "native",
      "balance": "0x3635c9adc5dea00000",
      "type": "native",
      "metadata": {
        "decimals": 18,
        "price": {
          "currency": "USD",
          "value": "1"
        }
      }
    },
    {
      "address": "0x05b4cb126885fb10464fdd12666feb25e2563b76",
      "balance": "0x0",
      "type": "erc20",
      "metadata": {
        "name": "mockName",
        "symbol": "mockSymbol",
        "decimals": 18,
        "price": {
          "currency": "USD",
          "value": "1"
        }
      }
    },
    {
      "address": "0x12975173b87f7595ee45dffb2ab812ece596bf84",
      "balance": "0x0",
      "type": "erc20",
      "metadata": {
        "name": "mockName",
        "symbol": "mockSymbol",
        "decimals": 18,
        "price": {
          "currency": "USD",
          "value": "1"
        }
      }
    },
    {
      "address": "0x196dbcbb54b8ec4958c959d8949ebfe87ac2aaaf",
      "balance": "0x0",
      "type": "erc20",
      "metadata": {
        "name": "mockName",
        "symbol": "mockSymbol",
        "decimals": 18,
        "price": {
          "currency": "USD",
          "value": "1"
        }
      }
    },
    {
      "address": "0x2a264f26859166c5bf3868a54593ee716aebc848",
      "balance": "0x0",
      "type": "erc20",
      "metadata": {
        "name": "mockName",
        "symbol": "mockSymbol",
        "decimals": 18,
        "price": {
          "currency": "USD",
          "value": "1"
        }
      }
    },
    {
      "address": "0x82c6d3ed4cd33d8ec1e51d0b5cc1d822eaa0c3dc",
      "balance": "0x0",
      "type": "erc20",
      "metadata": {
        "name": "mockName",
        "symbol": "mockSymbol",
        "decimals": 18,
        "price": {
          "currency": "USD",
          "value": "1"
        }
      }
    },
    {
      "address": "0x82dc47734901ee7d4f4232f398752cb9dd5daccc",
      "balance": "0x0",
      "type": "erc20",
      "metadata": {
        "name": "mockName",
        "symbol": "mockSymbol",
        "decimals": 18,
        "price": {
          "currency": "USD",
          "value": "1"
        }
      }
    },
    {
      "address": "0xc6b8fbf96cf7bbe45576417ec2163acecfa88ecc",
      "balance": "0x0",
      "type": "erc20",
      "metadata": {
        "name": "mockName",
        "symbol": "mockSymbol",
        "decimals": 18,
        "price": {
          "currency": "USD",
          "value": "1"
        }
      }
    },
    {
      "address": "0xd04ff4a75edd737a73e92b2f2274cb887d96e110",
      "balance": "0x0",
      "type": "erc20",
      "metadata": {
        "name": "mockName",
        "symbol": "mockSymbol",
        "decimals": 18,
        "price": {
          "currency": "USD",
          "value": "1"
        }
      }
    },
    {
      "address": "0xed1db453c3156ff3155a97ad217b3087d5dc5f6e",
      "balance": "0x56bc75e2d63100000",
      "type": "erc20",
      "metadata": {
        "name": "mockName",
        "symbol": "mockSymbol",
        "decimals": 18,
        "price": {
          "currency": "USD",
          "value": "1"
        }
      }
    },
    {
      "address": "0xf7cd8fa9b94db2aa972023b379c7f72c65e4de9d",
      "balance": "0x56bc75e2d63100000",
      "type": "erc20",
      "metadata": {
        "name": "mockName",
        "symbol": "mockSymbol",
        "decimals": 18,
        "price": {
          "currency": "USD",
          "value": "1"
        }
      }
    }
  ]
}
